C:\Program Files\Microsoft Visual Studio\2022\Community\MSBuild\Microsoft\VC\v170\Microsoft.CppBuild.targets(538,5): warning MSB8028: The intermediate directory (x64\Debug\) contains files shared from another project (OpenGL_Project.vcxproj).  This can lead to incorrect clean and rebuild behavior.
LINK : warning LNK4098: defaultlib 'MSVCRT' conflicts with use of other libs; use /NODEFAULTLIB:library
UIObjectInstance.obj : warning LNK4020: a type record in 'c:\users\joe\documents\github\3dgraphicsprogrammingexcercise\opengl_project\x64\debug\vc143.pdb' is corrupted; some symbols and types may not be accessible from the debugger
TextRenderer.obj : warning LNK4020: a type record in 'c:\users\joe\documents\github\3dgraphicsprogrammingexcercise\opengl_project\x64\debug\vc143.pdb' is corrupted; some symbols and types may not be accessible from the debugger
Terrain.obj : warning LNK4020: a type record in 'c:\users\joe\documents\github\3dgraphicsprogrammingexcercise\opengl_project\x64\debug\vc143.pdb' is corrupted; some symbols and types may not be accessible from the debugger
Skybox.obj : warning LNK4020: a type record in 'c:\users\joe\documents\github\3dgraphicsprogrammingexcercise\opengl_project\x64\debug\vc143.pdb' is corrupted; some symbols and types may not be accessible from the debugger
Source.obj : warning LNK4020: a type record in 'c:\users\joe\documents\github\3dgraphicsprogrammingexcercise\opengl_project\x64\debug\vc143.pdb' is corrupted; some symbols and types may not be accessible from the debugger
ScreenQuadRenderer.obj : warning LNK4020: a type record in 'c:\users\joe\documents\github\3dgraphicsprogrammingexcercise\opengl_project\x64\debug\vc143.pdb' is corrupted; some symbols and types may not be accessible from the debugger
Scene.obj : warning LNK4020: a type record in 'c:\users\joe\documents\github\3dgraphicsprogrammingexcercise\opengl_project\x64\debug\vc143.pdb' is corrupted; some symbols and types may not be accessible from the debugger
RenderingPipeline.obj : warning LNK4020: a type record in 'c:\users\joe\documents\github\3dgraphicsprogrammingexcercise\opengl_project\x64\debug\vc143.pdb' is corrupted; some symbols and types may not be accessible from the debugger
PlayerController.obj : warning LNK4020: a type record in 'c:\users\joe\documents\github\3dgraphicsprogrammingexcercise\opengl_project\x64\debug\vc143.pdb' is corrupted; some symbols and types may not be accessible from the debugger
Renderer.obj : warning LNK4020: a type record in 'c:\users\joe\documents\github\3dgraphicsprogrammingexcercise\opengl_project\x64\debug\vc143.pdb' is corrupted; some symbols and types may not be accessible from the debugger
ParticleSystem.obj : warning LNK4020: a type record in 'c:\users\joe\documents\github\3dgraphicsprogrammingexcercise\opengl_project\x64\debug\vc143.pdb' is corrupted; some symbols and types may not be accessible from the debugger
ObjectInstance.obj : warning LNK4020: a type record in 'c:\users\joe\documents\github\3dgraphicsprogrammingexcercise\opengl_project\x64\debug\vc143.pdb' is corrupted; some symbols and types may not be accessible from the debugger
Lights.obj : warning LNK4020: a type record in 'c:\users\joe\documents\github\3dgraphicsprogrammingexcercise\opengl_project\x64\debug\vc143.pdb' is corrupted; some symbols and types may not be accessible from the debugger
InstancedRenderer.obj : warning LNK4020: a type record in 'c:\users\joe\documents\github\3dgraphicsprogrammingexcercise\opengl_project\x64\debug\vc143.pdb' is corrupted; some symbols and types may not be accessible from the debugger
Firework.obj : warning LNK4020: a type record in 'c:\users\joe\documents\github\3dgraphicsprogrammingexcercise\opengl_project\x64\debug\vc143.pdb' is corrupted; some symbols and types may not be accessible from the debugger
ComputeShaderTextureGenerator.obj : warning LNK4020: a type record in 'c:\users\joe\documents\github\3dgraphicsprogrammingexcercise\opengl_project\x64\debug\vc143.pdb' is corrupted; some symbols and types may not be accessible from the debugger
Camera.obj : warning LNK4020: a type record in 'c:\users\joe\documents\github\3dgraphicsprogrammingexcercise\opengl_project\x64\debug\vc143.pdb' is corrupted; some symbols and types may not be accessible from the debugger
Button.obj : warning LNK4020: a type record in 'c:\users\joe\documents\github\3dgraphicsprogrammingexcercise\opengl_project\x64\debug\vc143.pdb' is corrupted; some symbols and types may not be accessible from the debugger
AssetLoader.obj : warning LNK4020: a type record in 'c:\users\joe\documents\github\3dgraphicsprogrammingexcercise\opengl_project\x64\debug\vc143.pdb' is corrupted; some symbols and types may not be accessible from the debugger
DefaultRenderer.obj : warning LNK4020: a type record in 'c:\users\joe\documents\github\3dgraphicsprogrammingexcercise\opengl_project\x64\debug\vc143.pdb' is corrupted; some symbols and types may not be accessible from the debugger
Time.obj : fatal error LNK1103: debugging information corrupt; recompile module
